11:45:03 **** Incremental Build of configuration Debug for project 06HSE_Measurement ****
make -j7 all 
arm-none-eabi-gcc "../Src/main.c" -mcpu=cortex-m4 -std=gnu11 -g3 -DDEBUG -DSTM32 -DSTM32F407G_DISC1 -DSTM32F4 -DSTM32F407VGTx -c -I../Inc -O0 -ffunction-sections -fdata-sections -Wall -fstack-usage -fcyclomatic-complexity -MMD -MP -MF"Src/main.d" -MT"Src/main.o" --specs=nano.specs -mfpu=fpv4-sp-d16 -mfloat-abi=hard -mthumb -o "Src/main.o"
arm-none-eabi-gcc -o "06HSE_Measurement.elf" @"objects.list"   -mcpu=cortex-m4 -T"/Users/huynguyen/stm32/udemy_bare_metal/project/06HSE_Measurement/STM32F407VGTX_FLASH.ld" --specs=nosys.specs -Wl,-Map="06HSE_Measurement.map" -Wl,--gc-sections -static --specs=nano.specs -mfpu=fpv4-sp-d16 -mfloat-abi=hard -mthumb -Wl,--start-group -lc -lm -Wl,--end-group
Finished building target: 06HSE_Measurement.elf
 
arm-none-eabi-size  06HSE_Measurement.elf 
arm-none-eabi-objdump -h -S 06HSE_Measurement.elf  > "06HSE_Measurement.list"
   text	   data	    bss	    dec	    hex	filename
    816	      0	   1568	   2384	    950	06HSE_Measurement.elf
Finished building: default.size.stdout
 
Finished building: 06HSE_Measurement.list
 

11:45:03 Build Finished. 0 errors, 0 warnings. (took 294ms)

